{
    "type": "messageFormatPattern",
    "elements": [
        {
            "type": "messageTextElement",
            "value": "Óñ "
        },
        {
            "type": "argumentElement",
            "id": "takenDate",
            "format": {
                "type": "dateFormat",
                "style": "short"
            }
        },
        {
            "type": "messageTextElement",
            "value": " "
        },
        {
            "type": "argumentElement",
            "id": "name",
            "format": null
        },
        {
            "type": "messageTextElement",
            "value": " ƭôôƙ "
        },
        {
            "type": "argumentElement",
            "id": "numPhotos",
            "format": {
                "type": "pluralFormat",
                "ordinal": false,
                "offset": 0,
                "options": [
                    {
                        "type": "optionalFormatPattern",
                        "selector": "=0",
                        "value": {
                            "type": "messageFormatPattern",
                            "elements": [
                                {
                                    "type": "messageTextElement",
                                    "value": "ñô ƥhôƭôƨ."
                                }
                            ]
                        }
                    },
                    {
                        "type": "optionalFormatPattern",
                        "selector": "=1",
                        "value": {
                            "type": "messageFormatPattern",
                            "elements": [
                                {
                                    "type": "messageTextElement",
                                    "value": "ôñè ƥhôƭô."
                                }
                            ]
                        }
                    },
                    {
                        "type": "optionalFormatPattern",
                        "selector": "other",
                        "value": {
                            "type": "messageFormatPattern",
                            "elements": [
                                {
                                    "type": "messageTextElement",
                                    "value": "# ƥhôƭôƨ."
                                }
                            ]
                        }
                    }
                ]
            }
        }
    ]
}